node.exe : FAIL app/(tabs)/recommendations.test.tsx
At line:1 char:1
+ & "C:\Program Files\nodejs/node.exe" "C:\Program Files\nodejs/node_mo ...
+ ~~~~~~~~~~~~~~~~~~~~~~~~~~~~~~~~~~~~~~~~~~~~~~~~~~~~~~~~~~~~~~~~~~~~~
    + CategoryInfo          : NotSpecified: (FAIL app/(tabs)/recommendations.test.tsx:String) [], RemoteException
    + FullyQualifiedErrorId : NativeCommandError
 
  RecommendationsScreen Integration
    Loading State
      ├ù displays loading state correctly (30 ms)
    Empty State
      ├ù displays empty state when no recommendations are found (6 ms)
    Content Rendering
      ├ù renders content area when data is present (3 ms)
    Authentication Integration
      ├ù calls fetchRecommendations on mount when user is authenticated (2 ms)
      ├ù does not fetch recommendations when user is not authenticated (62 ms)
    Store Integration
      ├ù properly accesses recommendation store hook (1 ms)
      ÔêÜ has all required store methods available (1 ms)
      ├ù updates store state correctly when recommendations change (1 ms)
    Error Handling
      ├ù handles store fetch errors gracefully (2 ms)

  ÔùÅ RecommendationsScreen Integration ÔÇ║ Loading State ÔÇ║ displays loading state correctly

    TypeError: _reactNativeGestureHandler.Gesture.Pan(...).runOnJS(...).activeOffsetX is not a function

    [0m [90m 290 |[39m     [36mconst[39m swipeGesture [33m=[39m [33mGesture[39m[33m.[39m[33mPan[39m()
     [90m 291 |[39m         [33m.[39mrunOnJS([36mtrue[39m)
    [31m[1m>[22m[39m[90m 292 |[39m         [33m.[39mactiveOffsetX([[33m-[39m[35m20[39m[33m,[39m [35m20[39m])
     [90m     |[39m          [31m[1m^[22m[39m
     [90m 293 |[39m         [33m.[39mfailOffsetY([[33m-[39m[35m15[39m[33m,[39m [35m15[39m])
     [90m 294 |[39m         [33m.[39monEnd((e) [33m=>[39m {
     [90m 295 |[39m             [36mconst[39m { translationX[33m,[39m velocityX } [33m=[39m e[33m;[39m[0m

      at activeOffsetX (C:\CODE\RawCut\app\(tabs)../../recommendations.tsx:292:10)
      at Object.react-stack-bottom-frame (node_modules/react-test-renderer/cjs/react-test-renderer.development.js:13976:20)
      at renderWithHooks (node_modules/react-test-renderer/cjs/react-test-renderer.development.js:2866:22)
      at updateFunctionComponent (node_modules/react-test-renderer/cjs/react-test-renderer.development.js:6006:19)
      at beginWork (node_modules/react-test-renderer/cjs/react-test-renderer.development.js:7474:18)
      at runWithFiberInDEV (node_modules/react-test-renderer/cjs/react-test-renderer.development.js:1574:13)
      at performUnitOfWork (node_modules/react-test-renderer/cjs/react-test-renderer.development.js:10972:22)
      at workLoopSync (node_modules/react-test-renderer/cjs/react-test-renderer.development.js:10816:41)
      at renderRootSync (node_modules/react-test-renderer/cjs/react-test-renderer.development.js:10797:11)
      at performWorkOnRoot (node_modules/react-test-renderer/cjs/react-test-renderer.development.js:10384:39)
      at performWorkOnRootViaSchedulerTask (node_modules/react-test-renderer/cjs/react-test-renderer.development.js:2094:7)
      at flushActQueue (node_modules/react/cjs/react.development.js:566:34)
      at process.env.NODE_ENV.exports.act (node_modules/react/cjs/react.development.js:859:10)
      at actImplementation (node_modules/@testing-library/react-native/src/act.ts:30:25)
      at renderWithAct (node_modules/@testing-library/react-native/src/render-act.ts:13:11)
      at renderInternal (node_modules/@testing-library/react-native/src/render.tsx:69:33)
      at renderInternal (node_modules/@testing-library/react-native/src/render.tsx:44:10)
      at Object.<anonymous> (C:\CODE\RawCut\app\(tabs)../../recommendations.test.tsx:176:19)

  ÔùÅ RecommendationsScreen Integration ÔÇ║ Empty State ÔÇ║ displays empty state when no recommendations are found

    TypeError: _reactNativeGestureHandler.Gesture.Pan(...).runOnJS(...).activeOffsetX is not a function

    [0m [90m 290 |[39m     [36mconst[39m swipeGesture [33m=[39m [33mGesture[39m[33m.[39m[33mPan[39m()
     [90m 291 |[39m         [33m.[39mrunOnJS([36mtrue[39m)
    [31m[1m>[22m[39m[90m 292 |[39m         [33m.[39mactiveOffsetX([[33m-[39m[35m20[39m[33m,[39m [35m20[39m])
     [90m     |[39m          [31m[1m^[22m[39m
     [90m 293 |[39m         [33m.[39mfailOffsetY([[33m-[39m[35m15[39m[33m,[39m [35m15[39m])
     [90m 294 |[39m         [33m.[39monEnd((e) [33m=>[39m {
     [90m 295 |[39m             [36mconst[39m { translationX[33m,[39m velocityX } [33m=[39m e[33m;[39m[0m

      at activeOffsetX (C:\CODE\RawCut\app\(tabs)../../recommendations.tsx:292:10)
      at Object.react-stack-bottom-frame (node_modules/react-test-renderer/cjs/react-test-renderer.development.js:13976:20)
      at renderWithHooks (node_modules/react-test-renderer/cjs/react-test-renderer.development.js:2866:22)
      at updateFunctionComponent (node_modules/react-test-renderer/cjs/react-test-renderer.development.js:6006:19)
      at beginWork (node_modules/react-test-renderer/cjs/react-test-renderer.development.js:7474:18)
      at runWithFiberInDEV (node_modules/react-test-renderer/cjs/react-test-renderer.development.js:1574:13)
      at performUnitOfWork (node_modules/react-test-renderer/cjs/react-test-renderer.development.js:10972:22)
      at workLoopSync (node_modules/react-test-renderer/cjs/react-test-renderer.development.js:10816:41)
      at renderRootSync (node_modules/react-test-renderer/cjs/react-test-renderer.development.js:10797:11)
      at performWorkOnRoot (node_modules/react-test-renderer/cjs/react-test-renderer.development.js:10384:39)
      at performWorkOnRootViaSchedulerTask (node_modules/react-test-renderer/cjs/react-test-renderer.development.js:2094:7)
      at flushActQueue (node_modules/react/cjs/react.development.js:566:34)
      at process.env.NODE_ENV.exports.act (node_modules/react/cjs/react.development.js:859:10)
      at actImplementation (node_modules/@testing-library/react-native/src/act.ts:30:25)
      at renderWithAct (node_modules/@testing-library/react-native/src/render-act.ts:13:11)
      at renderInternal (node_modules/@testing-library/react-native/src/render.tsx:69:33)
      at renderInternal (node_modules/@testing-library/react-native/src/render.tsx:44:10)
      at Object.<anonymous> (C:\CODE\RawCut\app\(tabs)../../recommendations.test.tsx:195:19)

  ÔùÅ RecommendationsScreen Integration ÔÇ║ Content Rendering ÔÇ║ renders content area when data is present

    TypeError: _reactNativeGestureHandler.Gesture.Pan(...).runOnJS(...).activeOffsetX is not a function

    [0m [90m 290 |[39m     [36mconst[39m swipeGesture [33m=[39m [33mGesture[39m[33m.[39m[33mPan[39m()
     [90m 291 |[39m         [33m.[39mrunOnJS([36mtrue[39m)
    [31m[1m>[22m[39m[90m 292 |[39m         [33m.[39mactiveOffsetX([[33m-[39m[35m20[39m[33m,[39m [35m20[39m])
     [90m     |[39m          [31m[1m^[22m[39m
     [90m 293 |[39m         [33m.[39mfailOffsetY([[33m-[39m[35m15[39m[33m,[39m [35m15[39m])
     [90m 294 |[39m         [33m.[39monEnd((e) [33m=>[39m {
     [90m 295 |[39m             [36mconst[39m { translationX[33m,[39m velocityX } [33m=[39m e[33m;[39m[0m

      at activeOffsetX (C:\CODE\RawCut\app\(tabs)../../recommendations.tsx:292:10)
      at Object.react-stack-bottom-frame (node_modules/react-test-renderer/cjs/react-test-renderer.development.js:13976:20)
      at renderWithHooks (node_modules/react-test-renderer/cjs/react-test-renderer.development.js:2866:22)
      at updateFunctionComponent (node_modules/react-test-renderer/cjs/react-test-renderer.development.js:6006:19)
      at beginWork (node_modules/react-test-renderer/cjs/react-test-renderer.development.js:7474:18)
      at runWithFiberInDEV (node_modules/react-test-renderer/cjs/react-test-renderer.development.js:1574:13)
      at performUnitOfWork (node_modules/react-test-renderer/cjs/react-test-renderer.development.js:10972:22)
      at workLoopSync (node_modules/react-test-renderer/cjs/react-test-renderer.development.js:10816:41)
      at renderRootSync (node_modules/react-test-renderer/cjs/react-test-renderer.development.js:10797:11)
      at performWorkOnRoot (node_modules/react-test-renderer/cjs/react-test-renderer.development.js:10384:39)
      at performWorkOnRootViaSchedulerTask (node_modules/react-test-renderer/cjs/react-test-renderer.development.js:2094:7)
      at flushActQueue (node_modules/react/cjs/react.development.js:566:34)
      at process.env.NODE_ENV.exports.act (node_modules/react/cjs/react.development.js:859:10)
      at actImplementation (node_modules/@testing-library/react-native/src/act.ts:30:25)
      at renderWithAct (node_modules/@testing-library/react-native/src/render-act.ts:13:11)
      at renderInternal (node_modules/@testing-library/react-native/src/render.tsx:69:33)
      at renderInternal (node_modules/@testing-library/react-native/src/render.tsx:44:10)
      at Object.<anonymous> (C:\CODE\RawCut\app\(tabs)../../recommendations.test.tsx:225:19)

  ÔùÅ RecommendationsScreen Integration ÔÇ║ Authentication Integration ÔÇ║ calls fetchRecommendations on mount when user is authenticated

    TypeError: _reactNativeGestureHandler.Gesture.Pan(...).runOnJS(...).activeOffsetX is not a function

    [0m [90m 290 |[39m     [36mconst[39m swipeGesture [33m=[39m [33mGesture[39m[33m.[39m[33mPan[39m()
     [90m 291 |[39m         [33m.[39mrunOnJS([36mtrue[39m)
    [31m[1m>[22m[39m[90m 292 |[39m         [33m.[39mactiveOffsetX([[33m-[39m[35m20[39m[33m,[39m [35m20[39m])
     [90m     |[39m          [31m[1m^[22m[39m
     [90m 293 |[39m         [33m.[39mfailOffsetY([[33m-[39m[35m15[39m[33m,[39m [35m15[39m])
     [90m 294 |[39m         [33m.[39monEnd((e) [33m=>[39m {
     [90m 295 |[39m             [36mconst[39m { translationX[33m,[39m velocityX } [33m=[39m e[33m;[39m[0m

      at activeOffsetX (C:\CODE\RawCut\app\(tabs)../../recommendations.tsx:292:10)
      at Object.react-stack-bottom-frame (node_modules/react-test-renderer/cjs/react-test-renderer.development.js:13976:20)
      at renderWithHooks (node_modules/react-test-renderer/cjs/react-test-renderer.development.js:2866:22)
      at updateFunctionComponent (node_modules/react-test-renderer/cjs/react-test-renderer.development.js:6006:19)
      at beginWork (node_modules/react-test-renderer/cjs/react-test-renderer.development.js:7474:18)
      at runWithFiberInDEV (node_modules/react-test-renderer/cjs/react-test-renderer.development.js:1574:13)
      at performUnitOfWork (node_modules/react-test-renderer/cjs/react-test-renderer.development.js:10972:22)
      at workLoopSync (node_modules/react-test-renderer/cjs/react-test-renderer.development.js:10816:41)
      at renderRootSync (node_modules/react-test-renderer/cjs/react-test-renderer.development.js:10797:11)
      at performWorkOnRoot (node_modules/react-test-renderer/cjs/react-test-renderer.development.js:10384:39)
      at performWorkOnRootViaSchedulerTask (node_modules/react-test-renderer/cjs/react-test-renderer.development.js:2094:7)
      at flushActQueue (node_modules/react/cjs/react.development.js:566:34)
      at process.env.NODE_ENV.exports.act (node_modules/react/cjs/react.development.js:859:10)
      at actImplementation (node_modules/@testing-library/react-native/src/act.ts:30:25)
      at renderWithAct (node_modules/@testing-library/react-native/src/render-act.ts:13:11)
      at renderInternal (node_modules/@testing-library/react-native/src/render.tsx:69:33)
      at renderInternal (node_modules/@testing-library/react-native/src/render.tsx:44:10)
      at Object.<anonymous> (C:\CODE\RawCut\app\(tabs)../../recommendations.test.tsx:246:19)

  ÔùÅ RecommendationsScreen Integration ÔÇ║ Authentication Integration ÔÇ║ does not fetch recommendations when user is not authenticated

    expect(received).toHaveBeenCalled()

    Matcher error: received value must be a mock or spy function

    Received has type:  function
    Received has value: [Function hook]

    [0m [90m 264 |[39m             render([33m<[39m[33mRecommendationsScreen[39m [33m/[39m[33m>[39m)[33m;[39m
     [90m 265 |[39m
    [31m[1m>[22m[39m[90m 266 |[39m             expect(mockUseAuthStore)[33m.[39mtoHaveBeenCalled()[33m;[39m
     [90m     |[39m                                      [31m[1m^[22m[39m
     [90m 267 |[39m         })[33m;[39m
     [90m 268 |[39m     })[33m;[39m
     [90m 269 |[39m[0m

      at Object.toHaveBeenCalled (C:\CODE\RawCut\app\(tabs)../../recommendations.test.tsx:266:38)

  ÔùÅ RecommendationsScreen Integration ÔÇ║ Store Integration ÔÇ║ properly accesses recommendation store hook

    TypeError: _reactNativeGestureHandler.Gesture.Pan(...).runOnJS(...).activeOffsetX is not a function

    [0m [90m 290 |[39m     [36mconst[39m swipeGesture [33m=[39m [33mGesture[39m[33m.[39m[33mPan[39m()
     [90m 291 |[39m         [33m.[39mrunOnJS([36mtrue[39m)
    [31m[1m>[22m[39m[90m 292 |[39m         [33m.[39mactiveOffsetX([[33m-[39m[35m20[39m[33m,[39m [35m20[39m])
     [90m     |[39m          [31m[1m^[22m[39m
     [90m 293 |[39m         [33m.[39mfailOffsetY([[33m-[39m[35m15[39m[33m,[39m [35m15[39m])
     [90m 294 |[39m         [33m.[39monEnd((e) [33m=>[39m {
     [90m 295 |[39m             [36mconst[39m { translationX[33m,[39m velocityX } [33m=[39m e[33m;[39m[0m

      at activeOffsetX (C:\CODE\RawCut\app\(tabs)../../recommendations.tsx:292:10)
      at Object.react-stack-bottom-frame (node_modules/react-test-renderer/cjs/react-test-renderer.development.js:13976:20)
      at renderWithHooks (node_modules/react-test-renderer/cjs/react-test-renderer.development.js:2866:22)
      at updateFunctionComponent (node_modules/react-test-renderer/cjs/react-test-renderer.development.js:6006:19)
      at beginWork (node_modules/react-test-renderer/cjs/react-test-renderer.development.js:7474:18)
      at runWithFiberInDEV (node_modules/react-test-renderer/cjs/react-test-renderer.development.js:1574:13)
      at performUnitOfWork (node_modules/react-test-renderer/cjs/react-test-renderer.development.js:10972:22)
      at workLoopSync (node_modules/react-test-renderer/cjs/react-test-renderer.development.js:10816:41)
      at renderRootSync (node_modules/react-test-renderer/cjs/react-test-renderer.development.js:10797:11)
      at performWorkOnRoot (node_modules/react-test-renderer/cjs/react-test-renderer.development.js:10384:39)
      at performWorkOnRootViaSchedulerTask (node_modules/react-test-renderer/cjs/react-test-renderer.development.js:2094:7)
      at flushActQueue (node_modules/react/cjs/react.development.js:566:34)
      at process.env.NODE_ENV.exports.act (node_modules/react/cjs/react.development.js:859:10)
      at actImplementation (node_modules/@testing-library/react-native/src/act.ts:30:25)
      at renderWithAct (node_modules/@testing-library/react-native/src/render-act.ts:13:11)
      at renderInternal (node_modules/@testing-library/react-native/src/render.tsx:69:33)
      at renderInternal (node_modules/@testing-library/react-native/src/render.tsx:44:10)
      at Object.<anonymous> (C:\CODE\RawCut\app\(tabs)../../recommendations.test.tsx:272:19)

  ÔùÅ RecommendationsScreen Integration ÔÇ║ Store Integration ÔÇ║ updates store state correctly when recommendations change

    TypeError: _reactNativeGestureHandler.Gesture.Pan(...).runOnJS(...).activeOffsetX is not a function

    [0m [90m 290 |[39m     [36mconst[39m swipeGesture [33m=[39m [33mGesture[39m[33m.[39m[33mPan[39m()
     [90m 291 |[39m         [33m.[39mrunOnJS([36mtrue[39m)
    [31m[1m>[22m[39m[90m 292 |[39m         [33m.[39mactiveOffsetX([[33m-[39m[35m20[39m[33m,[39m [35m20[39m])
     [90m     |[39m          [31m[1m^[22m[39m
     [90m 293 |[39m         [33m.[39mfailOffsetY([[33m-[39m[35m15[39m[33m,[39m [35m15[39m])
     [90m 294 |[39m         [33m.[39monEnd((e) [33m=>[39m {
     [90m 295 |[39m             [36mconst[39m { translationX[33m,[39m velocityX } [33m=[39m e[33m;[39m[0m

      at activeOffsetX (C:\CODE\RawCut\app\(tabs)../../recommendations.tsx:292:10)
      at Object.react-stack-bottom-frame (node_modules/react-test-renderer/cjs/react-test-renderer.development.js:13976:20)
      at renderWithHooks (node_modules/react-test-renderer/cjs/react-test-renderer.development.js:2866:22)
      at updateFunctionComponent (node_modules/react-test-renderer/cjs/react-test-renderer.development.js:6006:19)
      at beginWork (node_modules/react-test-renderer/cjs/react-test-renderer.development.js:7474:18)
      at runWithFiberInDEV (node_modules/react-test-renderer/cjs/react-test-renderer.development.js:1574:13)
      at performUnitOfWork (node_modules/react-test-renderer/cjs/react-test-renderer.development.js:10972:22)
      at workLoopSync (node_modules/react-test-renderer/cjs/react-test-renderer.development.js:10816:41)
      at renderRootSync (node_modules/react-test-renderer/cjs/react-test-renderer.development.js:10797:11)
      at performWorkOnRoot (node_modules/react-test-renderer/cjs/react-test-renderer.development.js:10384:39)
      at performWorkOnRootViaSchedulerTask (node_modules/react-test-renderer/cjs/react-test-renderer.development.js:2094:7)
      at flushActQueue (node_modules/react/cjs/react.development.js:566:34)
      at process.env.NODE_ENV.exports.act (node_modules/react/cjs/react.development.js:859:10)
      at actImplementation (node_modules/@testing-library/react-native/src/act.ts:30:25)
      at renderWithAct (node_modules/@testing-library/react-native/src/render-act.ts:13:11)
      at renderInternal (node_modules/@testing-library/react-native/src/render.tsx:69:33)
      at renderInternal (node_modules/@testing-library/react-native/src/render.tsx:44:10)
      at Object.<anonymous> (C:\CODE\RawCut\app\(tabs)../../recommendations.test.tsx:302:40)

  ÔùÅ RecommendationsScreen Integration ÔÇ║ Error Handling ÔÇ║ handles store fetch errors gracefully

    TypeError: _reactNativeGestureHandler.Gesture.Pan(...).runOnJS(...).activeOffsetX is not a function

    [0m [90m 290 |[39m     [36mconst[39m swipeGesture [33m=[39m [33mGesture[39m[33m.[39m[33mPan[39m()
     [90m 291 |[39m         [33m.[39mrunOnJS([36mtrue[39m)
    [31m[1m>[22m[39m[90m 292 |[39m         [33m.[39mactiveOffsetX([[33m-[39m[35m20[39m[33m,[39m [35m20[39m])
     [90m     |[39m          [31m[1m^[22m[39m
     [90m 293 |[39m         [33m.[39mfailOffsetY([[33m-[39m[35m15[39m[33m,[39m [35m15[39m])
     [90m 294 |[39m         [33m.[39monEnd((e) [33m=>[39m {
     [90m 295 |[39m             [36mconst[39m { translationX[33m,[39m velocityX } [33m=[39m e[33m;[39m[0m

      at activeOffsetX (C:\CODE\RawCut\app\(tabs)../../recommendations.tsx:292:10)
      at Object.react-stack-bottom-frame (node_modules/react-test-renderer/cjs/react-test-renderer.development.js:13976:20)
      at renderWithHooks (node_modules/react-test-renderer/cjs/react-test-renderer.development.js:2866:22)
      at updateFunctionComponent (node_modules/react-test-renderer/cjs/react-test-renderer.development.js:6006:19)
      at beginWork (node_modules/react-test-renderer/cjs/react-test-renderer.development.js:7474:18)
      at runWithFiberInDEV (node_modules/react-test-renderer/cjs/react-test-renderer.development.js:1574:13)
      at performUnitOfWork (node_modules/react-test-renderer/cjs/react-test-renderer.development.js:10972:22)
      at workLoopSync (node_modules/react-test-renderer/cjs/react-test-renderer.development.js:10816:41)
      at renderRootSync (node_modules/react-test-renderer/cjs/react-test-renderer.development.js:10797:11)
      at performWorkOnRoot (node_modules/react-test-renderer/cjs/react-test-renderer.development.js:10384:39)
      at performWorkOnRootViaSchedulerTask (node_modules/react-test-renderer/cjs/react-test-renderer.development.js:2094:7)
      at flushActQueue (node_modules/react/cjs/react.development.js:566:34)
      at process.env.NODE_ENV.exports.act (node_modules/react/cjs/react.development.js:859:10)
      at actImplementation (node_modules/@testing-library/react-native/src/act.ts:30:25)
      at renderWithAct (node_modules/@testing-library/react-native/src/render-act.ts:13:11)
      at renderInternal (node_modules/@testing-library/react-native/src/render.tsx:69:33)
      at renderInternal (node_modules/@testing-library/react-native/src/render.tsx:44:10)
      at Object.<anonymous> (C:\CODE\RawCut\app\(tabs)../../recommendations.test.tsx:341:19)

----------------------------|---------|----------|---------|---------|-----------------------------------------------------------------------------------------------------------------------------------------
File                        | % Stmts | % Branch | % Funcs | % Lines | Uncovered Line #s                                                                                                                       
----------------------------|---------|----------|---------|---------|-----------------------------------------------------------------------------------------------------------------------------------------
All files                   |    2.63 |     0.63 |    0.68 |     2.8 |                                                                                                                                         
 app                        |       0 |        0 |       0 |       0 |                                                                                                                                         
  _layout.tsx               |       0 |        0 |       0 |       0 | 32-479                                                                                                                                  
  help.tsx                  |       0 |        0 |       0 |       0 | 22-203                                                                                                                                  
  login.tsx                 |       0 |      100 |       0 |       0 | 14-49                                                                                                                                   
  privacy.tsx               |       0 |        0 |       0 |       0 | 10-64                                                                                                                                   
  register.tsx              |       0 |      100 |       0 |       0 | 13-47                                                                                                                                   
  terms.tsx                 |       0 |        0 |       0 |       0 | 10-60                                                                                                                                   
 app/(tabs)                 |    7.12 |     2.09 |     3.1 |    7.29 |                                                                                                                                         
  _layout.tsx               |       0 |        0 |       0 |       0 | 23-66                                                                                                                                   
  favorites.tsx             |       0 |        0 |       0 |       0 | 12-92                                                                                                                                   
  index.tsx                 |       0 |        0 |       0 |       0 | 78-1026                                                                                                                                 
  profile.tsx               |       0 |        0 |       0 |       0 | 27-688                                                                                                                                  
  recommendations.tsx       |   48.75 |    14.28 |   20.83 |      50 | 61,88-91,101-105,112,118,125,131,135,139,159-160,168,202,208-210,236-241,256-272,295-303                                                
  watchlist.tsx             |       0 |        0 |       0 |       0 | 11-77                                                                                                                                   
 app/(tabs)/movie           |       0 |        0 |       0 |       0 |                                                                                                                                         
  [id].tsx                  |       0 |        0 |       0 |       0 | 52-319                                                                                                                                  
 app/(tabs)/person          |       0 |        0 |       0 |       0 |                                                                                                                                         
  [id].tsx                  |       0 |        0 |       0 |       0 | 23-150                                                                                                                                  
 app/(tabs)/tv              |       0 |        0 |       0 |       0 |                                                                                                                                         
  [id].tsx                  |       0 |        0 |       0 |       0 | 64-485                                                                                                                                  
 src/components             |    0.37 |        0 |       0 |    0.39 |                                                                                                                                         
  ActionButton.tsx          |       0 |        0 |       0 |       0 | 17-71                                                                                                                                   
  AuthFormField.tsx         |       0 |        0 |       0 |       0 | 41-197                                                                                                                                  
  AuthLayout.tsx            |       0 |        0 |       0 |       0 | 22-268                                                                                                                                  
  BaseRecommendModal.tsx    |       0 |        0 |       0 |       0 | 58-444                                                                                                                                  
  CastMemberList.tsx        |       0 |        0 |       0 |       0 | 19-57                                                                                                                                   
  ContentActionBar.tsx      |       0 |        0 |       0 |       0 | 31-66                                                                                                                                   
  ContentBackdrop.tsx       |       0 |        0 |       0 |       0 | 7-57                                                                                                                                    
  ContentGridLayout.tsx     |       0 |        0 |       0 |       0 | 51-147                                                                                                                                  
  ContentHorizontalList.tsx |       0 |        0 |       0 |       0 | 22-70                                                                                                                                   
  ContentListLayout.tsx     |       0 |        0 |       0 |       0 | 36-134                                                                                                                                  
  ContentPoster.tsx         |       0 |        0 |       0 |       0 | 15-32                                                                                                                                   
  ContentRecommendModal.tsx |       0 |      100 |       0 |       0 | 6-28                                                                                                                                    
  ContinueWatchingCard.tsx  |       0 |        0 |       0 |       0 | 23-89                                                                                                                                   
  CrewMemberList.tsx        |       0 |        0 |       0 |       0 | 19-57                                                                                                                                   
  EpisodeListItem.tsx       |       0 |        0 |       0 |       0 | 18-77                                                                                                                                   
  EpisodeModal.tsx          |       0 |        0 |       0 |       0 | 21-95                                                                                                                                   
  ErrorBoundary.tsx         |       0 |        0 |       0 |       0 | 19-85                                                                                                                                   
  GenreList.tsx             |       0 |        0 |       0 |       0 | 15-28                                                                                                                                   
  MovieCard.tsx             |       0 |        0 |       0 |       0 | 55-342                                                                                                                                  
  RecommendModal.tsx        |       0 |      100 |       0 |       0 | 15-34                                                                                                                                   
  RecommendationCard.tsx    |    4.34 |        0 |       0 |    4.54 | 53-224                                                                                                                                  
  SeasonCard.tsx            |       0 |        0 |       0 |       0 | 18-72                                                                                                                                   
  SeasonModal.tsx           |       0 |        0 |       0 |       0 | 20-106                                                                                                                                  
  SmokeBackground.tsx       |       0 |      100 |       0 |       0 | 15-105                                                                                                                                  
  TrailerModal.tsx          |       0 |        0 |       0 |       0 | 13-65                                                                                                                                   
  VideoSplash.tsx           |       0 |        0 |       0 |       0 | 10-105                                                                                                                                  
  VotePicker.tsx            |       0 |        0 |       0 |       0 | 14-50                                                                                                                                   
 src/components/navigation  |       0 |        0 |       0 |       0 |                                                                                                                                         
  AnimatedTabBar.tsx        |       0 |        0 |       0 |       0 | 20-292                                                                                                                                  
  HeaderLeft.tsx            |       0 |      100 |       0 |       0 | 7-8                                                                                                                                     
  HeaderRight.tsx           |       0 |        0 |       0 |       0 | 11-106                                                                                                                                  
  TMDBDisclaimerModal.tsx   |       0 |        0 |       0 |       0 | 27-124                                                                                                                                  
  TabBarIcons.tsx           |       0 |        0 |       0 |       0 | 9-28                                                                                                                                    
 src/constants              |     100 |      100 |     100 |     100 |                                                                                                                                         
  Colors.ts                 |     100 |      100 |     100 |     100 |                                                                                                                                         
 src/hooks                  |       0 |        0 |       0 |       0 |                                                                                                                                         
  useAvatarUpload.ts        |       0 |        0 |       0 |       0 | 8-304                                                                                                                                   
  useContentActions.ts      |       0 |        0 |       0 |       0 | 25-68                                                                                                                                   
  useEnrichedContent.ts     |       0 |        0 |       0 |       0 | 14-82                                                                                                                                   
  useForYouContent.ts       |       0 |        0 |       0 |       0 | 23-129                                                                                                                                  
  usePushNotifications.ts   |       0 |      100 |       0 |       0 | 8-11                                                                                                                                    
 src/lib                    |      20 |     5.12 |       0 |   21.81 |                                                                                                                                         
  i18n.ts                   |       0 |        0 |       0 |       0 | 10-51                                                                                                                                   
  supabase.ts               |       0 |        0 |     100 |       0 | 5-8                                                                                                                                     
  tmdb.ts                   |   24.48 |     6.25 |       0 |   27.27 | 102-123,129-130,134-135,139-140,144-145,149-150,154-156,160-162,166,170-174,178-182,195,199,218,222-229,233-245,262,266,270-280,284-294 
 src/schemas                |       0 |      100 |       0 |       0 |                                                                                                                                         
  auth.ts                   |       0 |      100 |       0 |       0 | 3-34                                                                                                                                    
 src/stores                 |       0 |        0 |       0 |       0 |                                                                                                                                         
  authStore.ts              |       0 |        0 |       0 |       0 | 24-315                                                                                                                                  
  contentStore.ts           |       0 |        0 |       0 |       0 | 40-410                                                                                                                                  
  recommendationStore.ts    |       0 |        0 |       0 |       0 | 35-483                                                                                                                                  
  voteStore.ts              |       0 |        0 |       0 |       0 | 23-108                                                                                                                                  
 src/styles                 |       0 |      100 |     100 |       0 |                                                                                                                                         
  detailScreenStyles.ts     |       0 |      100 |     100 |       0 | 4                                                                                                                                       
 src/types                  |   26.31 |      100 |       0 |   26.31 |                                                                                                                                         
  homeScreen.types.ts       |       0 |      100 |     100 |       0 | 60-66                                                                                                                                   
  movieDetail.types.ts      |       0 |      100 |     100 |       0 | 56-88                                                                                                                                   
  recommendations.types.ts  |   83.33 |      100 |       0 |   83.33 | 22                                                                                                                                      
  tvDetail.types.ts         |       0 |      100 |     100 |       0 | 83-102                                                                                                                                  
 src/utils                  |       0 |        0 |       0 |       0 |                                                                                                                                         
  contentLoader.utils.ts    |       0 |        0 |       0 |       0 | 19-190                                                                                                                                  
  movieDetail.utils.ts      |       0 |        0 |       0 |       0 | 22-196                                                                                                                                  
  recommendations.utils.ts  |       0 |        0 |       0 |       0 | 17-180                                                                                                                                  
  tvDetail.utils.ts         |       0 |        0 |       0 |       0 | 19-135                                                                                                                                  
----------------------------|---------|----------|---------|---------|-----------------------------------------------------------------------------------------------------------------------------------------
Test Suites: 1 failed, 1 total
Tests:       8 failed, 1 passed, 9 total
Snapshots:   0 total
Time:        3.211 s
Ran all test suites matching app/.*recommendations.test.tsx.
